CCS PCM C Compiler, Version 5.008, 5967               11-jun-18 09:57

               Filename:   C:\Users\vbob\Desktop\Engenharia\7º Período\Microcontroladores\rs232\codigo_analogico1\main.lst

               ROM used:   185 words (2%)
                           Largest free fragment is 2048
               RAM used:   8 (2%) at main() level
                           16 (4%) worst case
               Stack used: 1 locations
               Stack size: 8

*
0000:  MOVLW  00
0001:  MOVWF  0A
0002:  GOTO   074
0003:  NOP
.................... #include <16F877A.h> 
.................... //////// Standard Header file for the PIC16F877A device //////////////// 
.................... #device PIC16F877A 
*
0019:  CLRF   2B
001A:  MOVF   04,W
001B:  MOVWF  2A
001C:  BCF    2B.0
001D:  BTFSC  03.7
001E:  BSF    2B.0
001F:  SWAPF  24,W
0020:  IORLW  F0
0021:  MOVWF  26
0022:  ADDWF  26,F
0023:  ADDLW  E2
0024:  MOVWF  27
0025:  ADDLW  32
0026:  MOVWF  29
0027:  MOVF   24,W
0028:  ANDLW  0F
0029:  ADDWF  27,F
002A:  ADDWF  27,F
002B:  ADDWF  29,F
002C:  ADDLW  E9
002D:  MOVWF  28
002E:  ADDWF  28,F
002F:  ADDWF  28,F
0030:  SWAPF  23,W
0031:  ANDLW  0F
0032:  ADDWF  28,F
0033:  ADDWF  29,F
0034:  RLF    28,F
0035:  RLF    29,F
0036:  COMF   29,F
0037:  RLF    29,F
0038:  MOVF   23,W
0039:  ANDLW  0F
003A:  ADDWF  29,F
003B:  RLF    26,F
003C:  MOVLW  07
003D:  MOVWF  25
003E:  MOVLW  0A
003F:  ADDWF  29,F
0040:  DECF   28,F
0041:  BTFSS  03.0
0042:  GOTO   03F
0043:  ADDWF  28,F
0044:  DECF   27,F
0045:  BTFSS  03.0
0046:  GOTO   043
0047:  ADDWF  27,F
0048:  DECF   26,F
0049:  BTFSS  03.0
004A:  GOTO   047
004B:  ADDWF  26,F
004C:  DECF   25,F
004D:  BTFSS  03.0
004E:  GOTO   04B
004F:  MOVLW  25
0050:  MOVWF  04
0051:  BCF    03.7
0052:  MOVLW  07
0053:  ANDWF  2A,W
0054:  BCF    2A.6
0055:  ADDWF  04,F
0056:  MOVLW  29
0057:  SUBWF  04,W
0058:  BTFSC  03.2
0059:  BSF    2A.6
005A:  MOVF   00,W
005B:  MOVWF  77
005C:  BTFSS  03.2
005D:  GOTO   066
005E:  BTFSC  2A.6
005F:  GOTO   066
0060:  BTFSC  2A.4
0061:  GOTO   06E
0062:  BTFSC  2A.3
0063:  GOTO   066
0064:  MOVLW  20
0065:  GOTO   069
0066:  BSF    2A.3
0067:  BCF    2A.4
0068:  MOVLW  30
0069:  ADDWF  77,F
006A:  MOVF   77,W
006B:  BTFSS  0C.4
006C:  GOTO   06B
006D:  MOVWF  19
006E:  INCF   04,F
006F:  BTFSS  2A.6
0070:  GOTO   056
0071:  BCF    0A.3
0072:  BCF    0A.4
0073:  GOTO   0AC (RETURN)
....................  
.................... #list 
....................  
.................... #device ADC=10 
....................  
.................... #FUSES NOWDT                    //No Watch Dog Timer 
.................... #FUSES NOLVP                    //No low voltage prgming, B3(PIC16) or B5(PIC18) used for I/O 
....................  
.................... #use delay(crystal=16000000) 
*
0004:  MOVLW  24
0005:  MOVWF  04
0006:  BCF    03.7
0007:  MOVF   00,W
0008:  BTFSC  03.2
0009:  GOTO   018
000A:  MOVLW  05
000B:  MOVWF  78
000C:  CLRF   77
000D:  DECFSZ 77,F
000E:  GOTO   00D
000F:  DECFSZ 78,F
0010:  GOTO   00C
0011:  MOVLW  2E
0012:  MOVWF  77
0013:  DECFSZ 77,F
0014:  GOTO   013
0015:  GOTO   016
0016:  DECFSZ 00,F
0017:  GOTO   00A
0018:  RETURN
.................... #use rs232(baud=9600,parity=N,xmit=PIN_C6,rcv=PIN_C7,bits=8,stream=PORT1) 
....................  
....................  
.................... void main() 
*
0074:  MOVF   03,W
0075:  ANDLW  1F
0076:  MOVWF  03
0077:  MOVLW  19
0078:  BSF    03.5
0079:  MOVWF  19
007A:  MOVLW  A2
007B:  MOVWF  18
007C:  MOVLW  90
007D:  BCF    03.5
007E:  MOVWF  18
007F:  BSF    03.5
0080:  BSF    1F.0
0081:  BSF    1F.1
0082:  BSF    1F.2
0083:  BCF    1F.3
0084:  MOVLW  07
0085:  MOVWF  1C
0086:  BCF    03.7
.................... { 
....................    long value; 
....................        
....................    setup_adc_ports(AN0); 
0087:  BCF    1F.0
0088:  BSF    1F.1
0089:  BSF    1F.2
008A:  BSF    1F.3
....................    setup_adc(ADC_CLOCK_DIV_32);  
008B:  BCF    1F.6
008C:  BCF    03.5
008D:  BCF    1F.6
008E:  BSF    1F.7
008F:  BSF    03.5
0090:  BSF    1F.7
0091:  BCF    03.5
0092:  BSF    1F.0
....................    set_adc_channel(0); 
0093:  MOVLW  00
0094:  MOVWF  78
0095:  MOVF   1F,W
0096:  ANDLW  C7
0097:  IORWF  78,W
0098:  MOVWF  1F
....................    delay_ms(10); 
0099:  MOVLW  0A
009A:  MOVWF  24
009B:  CALL   004
....................     
....................    while(TRUE) 
....................    { 
....................       value=read_adc(); 
009C:  BSF    1F.2
009D:  BTFSC  1F.2
009E:  GOTO   09D
009F:  BSF    03.5
00A0:  MOVF   1E,W
00A1:  BCF    03.5
00A2:  MOVWF  21
00A3:  MOVF   1E,W
00A4:  MOVWF  22
....................       fprintf(PORT1, "%Lu\n", value); 
00A5:  MOVLW  10
00A6:  MOVWF  04
00A7:  MOVF   22,W
00A8:  MOVWF  24
00A9:  MOVF   21,W
00AA:  MOVWF  23
00AB:  GOTO   019
00AC:  MOVLW  0A
00AD:  BTFSS  0C.4
00AE:  GOTO   0AD
00AF:  MOVWF  19
....................       delay_ms(1000); 
00B0:  MOVLW  04
00B1:  MOVWF  23
00B2:  MOVLW  FA
00B3:  MOVWF  24
00B4:  CALL   004
00B5:  DECFSZ 23,F
00B6:  GOTO   0B2
00B7:  GOTO   09C
....................    } 
....................  
.................... } 
00B8:  SLEEP

Configuration Fuses:
   Word  1: 3F72   HS NOWDT PUT BROWNOUT NOLVP NOCPD NOWRT NODEBUG NOPROTECT
